[0.027s] Invoking command in '/home/zhang/rover_sim/build/rover_description': CMAKE_PREFIX_PATH=${CMAKE_PREFIX_PATH}:/opt/ros/jazzy /usr/bin/cmake /home/zhang/rover_sim/src/rover_description -DCMAKE_INSTALL_PREFIX=/home/zhang/rover_sim/install/rover_description
[0.371s] -- The C compiler identification is GNU 13.3.0
[0.806s] -- The CXX compiler identification is GNU 13.3.0
[1.582s] -- Detecting C compiler ABI info
[1.900s] -- Detecting C compiler ABI info - done
[1.908s] -- Check for working C compiler: /usr/bin/cc - skipped
[1.909s] -- Detecting C compile features
[1.909s] -- Detecting C compile features - done
[2.009s] -- Detecting CXX compiler ABI info
[2.290s] -- Detecting CXX compiler ABI info - done
[2.298s] -- Check for working CXX compiler: /usr/bin/c++ - skipped
[2.299s] -- Detecting CXX compile features
[2.299s] -- Detecting CXX compile features - done
[2.358s] -- Found ament_cmake: 2.5.6 (/opt/ros/jazzy/share/ament_cmake/cmake)
[2.521s] -- Found Python3: /usr/bin/python3 (found version "3.12.3") found components: Interpreter 
[2.682s] -- Found ament_lint_auto: 0.17.5 (/opt/ros/jazzy/share/ament_lint_auto/cmake)
[2.803s] -- Added test 'lint_cmake' to check CMake code style
[2.805s] -- Added test 'xmllint' to check XML markup files
[2.809s] -- Configuring done (2.7s)
[2.816s] -- Generating done (0.0s)
[2.820s] -- Build files have been written to: /home/zhang/rover_sim/build/rover_description
[2.826s] Invoked command in '/home/zhang/rover_sim/build/rover_description' returned '0': CMAKE_PREFIX_PATH=${CMAKE_PREFIX_PATH}:/opt/ros/jazzy /usr/bin/cmake /home/zhang/rover_sim/src/rover_description -DCMAKE_INSTALL_PREFIX=/home/zhang/rover_sim/install/rover_description
[2.828s] Invoking command in '/home/zhang/rover_sim/build/rover_description': CMAKE_PREFIX_PATH=${CMAKE_PREFIX_PATH}:/opt/ros/jazzy /usr/bin/cmake --build /home/zhang/rover_sim/build/rover_description -- -j20 -l20
[2.865s] Invoked command in '/home/zhang/rover_sim/build/rover_description' returned '0': CMAKE_PREFIX_PATH=${CMAKE_PREFIX_PATH}:/opt/ros/jazzy /usr/bin/cmake --build /home/zhang/rover_sim/build/rover_description -- -j20 -l20
[2.874s] Invoking command in '/home/zhang/rover_sim/build/rover_description': CMAKE_PREFIX_PATH=${CMAKE_PREFIX_PATH}:/opt/ros/jazzy /usr/bin/cmake --install /home/zhang/rover_sim/build/rover_description
[2.881s] -- Install configuration: ""
[2.882s] -- Installing: /home/zhang/rover_sim/install/rover_description/share/ament_index/resource_index/package_run_dependencies/rover_description
[2.882s] -- Installing: /home/zhang/rover_sim/install/rover_description/share/ament_index/resource_index/parent_prefix_path/rover_description
[2.883s] -- Installing: /home/zhang/rover_sim/install/rover_description/share/rover_description/environment/ament_prefix_path.sh
[2.883s] -- Installing: /home/zhang/rover_sim/install/rover_description/share/rover_description/environment/ament_prefix_path.dsv
[2.883s] -- Installing: /home/zhang/rover_sim/install/rover_description/share/rover_description/environment/path.sh
[2.883s] -- Installing: /home/zhang/rover_sim/install/rover_description/share/rover_description/environment/path.dsv
[2.883s] -- Installing: /home/zhang/rover_sim/install/rover_description/share/rover_description/local_setup.bash
[2.883s] -- Installing: /home/zhang/rover_sim/install/rover_description/share/rover_description/local_setup.sh
[2.883s] -- Installing: /home/zhang/rover_sim/install/rover_description/share/rover_description/local_setup.zsh
[2.884s] -- Installing: /home/zhang/rover_sim/install/rover_description/share/rover_description/local_setup.dsv
[2.884s] -- Installing: /home/zhang/rover_sim/install/rover_description/share/rover_description/package.dsv
[2.884s] -- Installing: /home/zhang/rover_sim/install/rover_description/share/ament_index/resource_index/packages/rover_description
[2.885s] -- Installing: /home/zhang/rover_sim/install/rover_description/share/rover_description/cmake/rover_descriptionConfig.cmake
[2.885s] -- Installing: /home/zhang/rover_sim/install/rover_description/share/rover_description/cmake/rover_descriptionConfig-version.cmake
[2.886s] -- Installing: /home/zhang/rover_sim/install/rover_description/share/rover_description/package.xml
[2.888s] Invoked command in '/home/zhang/rover_sim/build/rover_description' returned '0': CMAKE_PREFIX_PATH=${CMAKE_PREFIX_PATH}:/opt/ros/jazzy /usr/bin/cmake --install /home/zhang/rover_sim/build/rover_description
